// Jest Snapshot v1, https://goo.gl/fbAQLP

exports[`Messages renders correctly 1`] = `
<div
  className="messages-page"
>
  <div
    className="left"
  >
    <ul
      className="conservations"
    />
  </div>
  <div
    className="right"
  >
    <ul
      className="messages"
    />
    <form
      className="new-message"
      onSubmit={[Function]}
    >
      <input
        onChange={[Function]}
        type="text"
        value=""
      />
      <button
        type="submit"
      >
        Küld
      </button>
    </form>
  </div>
</div>
`;
