// Jest Snapshot v1, https://goo.gl/fbAQLP

exports[`Home renders correctly 1`] = `
<div
  className="home-page"
>
  <div
    className="search"
  >
    <input
      id="search-text"
      name="text"
      onChange={[Function]}
      placeholder="Szövegre keresés"
      type="text"
      value=""
    />
    <fieldset
      className="type"
    >
      <legend>
        Típus
      </legend>
      <label>
        <input
          checked={true}
          name="type"
          onChange={[Function]}
          type="radio"
          value="all"
        />
        <span>
          Mindkettő
        </span>
      </label>
      <label>
        <input
          checked={false}
          name="type"
          onChange={[Function]}
          type="radio"
          value="demand"
        />
        <span>
          Keres
        </span>
      </label>
      <label>
        <input
          checked={false}
          name="type"
          onChange={[Function]}
          type="radio"
          value="supply"
        />
        <span>
          Kínál
        </span>
      </label>
    </fieldset>
    <fieldset
      className="subject"
    >
      <legend>
        Tantárgy
      </legend>
      <label>
        <input
          checked={false}
          name="subject"
          onChange={[Function]}
          type="checkbox"
          value="informatika"
        />
        <span>
          Informatika
        </span>
      </label>
      <label>
        <input
          checked={false}
          name="subject"
          onChange={[Function]}
          type="checkbox"
          value="matematika"
        />
        <span>
          Matematika
        </span>
      </label>
      <label>
        <input
          checked={false}
          name="subject"
          onChange={[Function]}
          type="checkbox"
          value="fizika"
        />
        <span>
          Fizika
        </span>
      </label>
      <label>
        <input
          checked={false}
          name="subject"
          onChange={[Function]}
          type="checkbox"
          value="kemia"
        />
        <span>
          Kémia
        </span>
      </label>
    </fieldset>
  </div>
  <div
    className="content"
  >
    <h2>
      Nincs hirdetés
    </h2>
  </div>
</div>
`;
