// Jest Snapshot v1, https://goo.gl/fbAQLP

exports[`App renders correctly 1`] = `
<div
  className="home-page"
>
  <div
    className="search"
  >
    <input
      id="search-text"
      placeholder="keresés"
      type="text"
    />
    <fieldset>
      <label>
        <input
          name="contact"
          type="radio"
          value="keres"
        />
        Keres
      </label>
      <label>
        <input
          name="contact"
          type="radio"
          value="keres"
        />
        Kínál
      </label>
    </fieldset>
    <fieldset>
      <legend>
        Tantárgy
      </legend>
      <label>
        <input
          name="contact"
          type="checkbox"
          value="keres"
        />
        Informatika
      </label>
      <label>
        <input
          name="contact"
          type="checkbox"
          value="keres"
        />
        Matematika
      </label>
      <label>
        <input
          name="contact"
          type="checkbox"
          value="keres"
        />
        Fizika
      </label>
      <label>
        <input
          name="contact"
          type="checkbox"
          value="keres"
        />
        Kémia
      </label>
    </fieldset>
  </div>
  <div
    className="content"
  >
    <ul>
      <li>
        <h2>
          <a
            href="#"
          >
            Matematika korrepetálás
          </a>
        </h2>
        <p>
          Lorem ipsum dolor sit amet, consectetur adipisicing elit. Laudantium nisi perspiciatis voluptas. A aut consectetur deleniti, ea impedit laboriosam minima molestias non numquam, placeat tempore temporibus ullam. Itaque, provident quae?
        </p>
        <div
          className="time"
        >
          2017. 11. 08. 23:16
        </div>
      </li>
      <li>
        <h2>
          <a
            href="#"
          >
            Matematika korrepetálás
          </a>
        </h2>
        <p>
          Lorem ipsum dolor sit amet, consectetur adipisicing elit. Laudantium nisi perspiciatis voluptas. A aut consectetur deleniti, ea impedit laboriosam minima molestias non numquam, placeat tempore temporibus ullam. Itaque, provident quae?
        </p>
        <div
          className="time"
        >
          2017. 11. 08. 23:16
        </div>
      </li>
      <li>
        <h2>
          <a
            href="#"
          >
            Matematika korrepetálás
          </a>
        </h2>
        <p>
          Lorem ipsum dolor sit amet, consectetur adipisicing elit. Laudantium nisi perspiciatis voluptas. A aut consectetur deleniti, ea impedit laboriosam minima molestias non numquam, placeat tempore temporibus ullam. Itaque, provident quae?
        </p>
        <div
          className="time"
        >
          2017. 11. 08. 23:16
        </div>
      </li>
      <li>
        <h2>
          <a
            href="#"
          >
            Matematika korrepetálás
          </a>
        </h2>
        <p>
          Lorem ipsum dolor sit amet, consectetur adipisicing elit. Laudantium nisi perspiciatis voluptas. A aut consectetur deleniti, ea impedit laboriosam minima molestias non numquam, placeat tempore temporibus ullam. Itaque, provident quae?
        </p>
        <div
          className="time"
        >
          2017. 11. 08. 23:16
        </div>
      </li>
      <li>
        <h2>
          <a
            href="#"
          >
            Matematika korrepetálás
          </a>
        </h2>
        <p>
          Lorem ipsum dolor sit amet, consectetur adipisicing elit. Laudantium nisi perspiciatis voluptas. A aut consectetur deleniti, ea impedit laboriosam minima molestias non numquam, placeat tempore temporibus ullam. Itaque, provident quae?
        </p>
        <div
          className="time"
        >
          2017. 11. 08. 23:16
        </div>
      </li>
    </ul>
  </div>
</div>
`;
