// Jest Snapshot v1, https://goo.gl/fbAQLP

exports[`Create renders correctly 1`] = `
<div
  className="create-page"
>
  <div
    className="header"
  >
    <h1>
      tutore.me
    </h1>
    <div
      className="nav"
    >
      <ul
        className="links"
      >
        <li>
          <a
            href="#"
          >
            Hirdetések
          </a>
        </li>
        <li>
          <a
            href="#"
          >
            Új hirdetés
          </a>
        </li>
      </ul>
    </div>
    <div
      className="user"
    >
      <ul
        className="links"
      >
        <li>
          <a
            href="#"
          >
            Üzenetek
          </a>
        </li>
        <li>
          <a
            href="#"
          >
            Profilom
          </a>
        </li>
        <li>
          <a
            href="#"
          >
            Kilépés
          </a>
        </li>
      </ul>
    </div>
  </div>
  <div
    className="creator"
  >
    <h2>
      Új hirdetés felvétele
    </h2>
    <form>
      <label
        className="title"
      >
        <span>
          Hirdetés neve
        </span>
        <input
          type="text"
        />
      </label>
      <label
        className="text"
      >
        <span>
          Hirdetés szövege
        </span>
        <textarea
          defaultValue="Valami szöveg"
        />
      </label>
      <fieldset
        className="type"
      >
        <legend>
          Típus
        </legend>
        <label>
          <input
            name="contact"
            type="radio"
            value="keres"
          />
          <span>
            Keres
          </span>
        </label>
        <label>
          <input
            name="contact"
            type="radio"
            value="keres"
          />
          <span>
            Kínál
          </span>
        </label>
      </fieldset>
      <fieldset
        className="subject"
      >
        <legend>
          Tantárgy
        </legend>
        <label>
          <input
            name="contact"
            type="checkbox"
            value="keres"
          />
          <span>
            Informatika
          </span>
        </label>
        <label>
          <input
            name="contact"
            type="checkbox"
            value="keres"
          />
          <span>
            Matematika
          </span>
        </label>
        <label>
          <input
            name="contact"
            type="checkbox"
            value="keres"
          />
          <span>
            Fizika
          </span>
        </label>
        <label>
          <input
            name="contact"
            type="checkbox"
            value="keres"
          />
          <span>
            Kémia
          </span>
        </label>
      </fieldset>
      <div
        className="buttons"
      >
        <button>
          Törlés
        </button>
        <button>
          Mentés
        </button>
      </div>
    </form>
  </div>
</div>
`;
