// Jest Snapshot v1, https://goo.gl/fbAQLP

exports[`Login renders correctly 1`] = `
<div
  className="loginpage"
>
  <div
    className="header"
  >
    <h1>
      tutore.me
    </h1>
    <div
      className="nav"
    >
      <a
        href="#"
      >
        Hirdetések
      </a>
      <a
        href="#"
      >
        Új hirdetés
      </a>
    </div>
    <div
      className="user"
    >
      <a
        href="#"
      >
        Üzenetek
      </a>
      <a
        href="#"
      >
        Profilom
      </a>
      <a
        href="#"
      >
        Kilépés
      </a>
    </div>
  </div>
  <div
    className="login"
  >
    <h2>
      Bejelentkezés
    </h2>
    <form>
      <label>
        <span>
          Felhasználónév
        </span>
        <input
          type="text"
        />
      </label>
      <label>
        <span>
          Jelszó
        </span>
        <input
          type="password"
        />
      </label>
      <label>
        <span>
          Emlékezz rám
        </span>
        <input
          type="checkbox"
        />
      </label>
      <button
        type="submit"
      >
        Belépés
      </button>
    </form>
  </div>
  <div
    className="register"
  >
    <h2>
      Regisztráció
    </h2>
    <form>
      <label>
        <span>
          Felhasználónév
        </span>
        <input
          type="text"
        />
      </label>
      <label>
        <span>
          Email
        </span>
        <input
          type="text"
        />
      </label>
      <label>
        <span>
          Jelszó
        </span>
        <input
          type="password"
        />
      </label>
      <label>
        <span>
          Jelszó megerősítése
        </span>
        <input
          type="password"
        />
      </label>
      <button
        type="submit"
      >
        Regisztrálás
      </button>
    </form>
  </div>
</div>
`;
