// Jest Snapshot v1, https://goo.gl/fbAQLP

exports[`With Snapshot Testing App shows "Index Page!" 1`] = `
<div>
  <h1>
    Index Page
  </h1>
  <div
    className="jsx-3493801758 "
  >
    23:36:07
  </div>
  <nav>
    <a
      href="/other"
      onClick={[Function]}
    >
      Navigate
    </a>
  </nav>
</div>
`;
