// Jest Snapshot v1, https://goo.gl/fbAQLP

exports[`Login renders correctly 1`] = `
<div
  className="login-page"
>
  <div
    className="login"
  >
    <h2>
      Bejelentkezés
    </h2>
    <form
      onSubmit={[Function]}
    >
      <label>
        <span>
          Felhasználónév
        </span>
        <input
          name="username"
          onChange={[Function]}
          type="text"
          value=""
        />
      </label>
      <label>
        <span>
          Jelszó
        </span>
        <input
          name="password"
          onChange={[Function]}
          type="password"
          value=""
        />
      </label>
      <label>
        <span>
          Emlékezz rám
        </span>
        <input
          type="checkbox"
        />
      </label>
      <button
        type="submit"
      >
        Belépés
      </button>
    </form>
  </div>
  <div
    className="register"
  >
    <h2>
      Regisztráció
    </h2>
    <form
      onSubmit={[Function]}
    >
      <label>
        <span>
          Felhasználónév
        </span>
        <input
          name="username"
          onChange={[Function]}
          type="text"
          value=""
        />
      </label>
      <label>
        <span>
          Jelszó
        </span>
        <input
          name="password"
          onChange={[Function]}
          type="password"
          value=""
        />
      </label>
      <label>
        <span>
          Jelszó megerősítése
        </span>
        <input
          name="password_confirm"
          onChange={[Function]}
          type="password"
          value=""
        />
      </label>
      <label>
        <span>
          Email
        </span>
        <input
          name="email"
          onChange={[Function]}
          type="text"
          value=""
        />
      </label>
      <label>
        <span>
          Vezetéknév
        </span>
        <input
          name="firstName"
          onChange={[Function]}
          type="text"
          value=""
        />
      </label>
      <label>
        <span>
          Keresztnév
        </span>
        <input
          name="lastName"
          onChange={[Function]}
          type="text"
          value=""
        />
      </label>
      <button
        type="submit"
      >
        Regisztrálás
      </button>
    </form>
  </div>
</div>
`;
