// Jest Snapshot v1, https://goo.gl/fbAQLP

exports[`Header renders correctly 1`] = `
<div
  className="header"
>
  <h1>
    tutore.me
  </h1>
  <input
    id="habmurger-toggle"
    type="checkbox"
  />
  <label
    className="hamburger"
    htmlFor="habmurger-toggle"
  >
    <i
      className="material-icons menu"
    >
      menu
    </i>
    <i
      className="material-icons close"
    >
      close
    </i>
  </label>
  <div
    className="links"
  >
    <ul
      className="nav"
    >
      <li>
        <a
          href="/"
          onClick={[Function]}
        >
          Hirdetések
        </a>
      </li>
      <li>
        <a
          href="/create"
          onClick={[Function]}
        >
          Új hirdetés
        </a>
      </li>
    </ul>
    <ul
      className="user"
    >
      <li>
        <a
          href="/login"
          onClick={[Function]}
        >
          Bejelentkezés
        </a>
      </li>
    </ul>
  </div>
</div>
`;
