// Jest Snapshot v1, https://goo.gl/fbAQLP

exports[`Header renders correctly 1`] = `
<div
  className="header"
>
  <h1>
    tutore.me
  </h1>
  <div
    className="nav"
  >
    <ul
      className="links"
    >
      <li>
        <a
          href="#"
        >
          Hirdetések
        </a>
      </li>
      <li>
        <a
          href="#"
        >
          Új hirdetés
        </a>
      </li>
    </ul>
  </div>
  <div
    className="user"
  >
    <ul
      className="links"
    >
      <li>
        <a
          href="#"
        >
          Üzenetek
        </a>
      </li>
      <li>
        <a
          href="#"
        >
          Profilom
        </a>
      </li>
      <li>
        <a
          href="#"
        >
          Kilépés
        </a>
      </li>
    </ul>
  </div>
</div>
`;
