// Jest Snapshot v1, https://goo.gl/fbAQLP

exports[`Editor renders correctly 1`] = `
<div
  className="editor-page"
>
  <div
    className="editor"
  >
    <h2>
      Új hirdetés felvétele
    </h2>
    <form
      onSubmit={[Function]}
    >
      <label
        className="title"
      >
        <span>
          Hirdetés neve
        </span>
        <input
          name="name"
          onChange={[Function]}
          type="text"
          value=""
        />
      </label>
      <label
        className="text"
      >
        <span>
          Hirdetés szövege
        </span>
        <textarea
          name="body"
          onChange={[Function]}
          value=""
        />
      </label>
      <fieldset
        className="type"
      >
        <legend>
          Típus
        </legend>
        <label>
          <input
            checked={false}
            name="type"
            onChange={[Function]}
            type="radio"
            value="demand"
          />
          <span>
            Keres
          </span>
        </label>
        <label>
          <input
            checked={false}
            name="type"
            onChange={[Function]}
            type="radio"
            value="supply"
          />
          <span>
            Kínál
          </span>
        </label>
      </fieldset>
      <fieldset
        className="subject"
      >
        <legend>
          Tantárgy
        </legend>
        <label>
          <input
            checked={false}
            name="subject"
            onChange={[Function]}
            type="checkbox"
            value="informatika"
          />
          <span>
            Informatika
          </span>
        </label>
        <label>
          <input
            checked={false}
            name="subject"
            onChange={[Function]}
            type="checkbox"
            value="matematika"
          />
          <span>
            Matematika
          </span>
        </label>
        <label>
          <input
            checked={false}
            name="subject"
            onChange={[Function]}
            type="checkbox"
            value="fizika"
          />
          <span>
            Fizika
          </span>
        </label>
        <label>
          <input
            checked={false}
            name="subject"
            onChange={[Function]}
            type="checkbox"
            value="kemia"
          />
          <span>
            Kémia
          </span>
        </label>
      </fieldset>
      <div
        className="buttons"
      >
        <button
          onClick={[Function]}
          type="button"
        >
          Törlés
        </button>
        <button
          type="submit"
        >
          Mentés
        </button>
      </div>
    </form>
  </div>
</div>
`;
